<p>test1</p><p>test2</p>
<p class="test">test1</p><p class="test">test2</p>

