a few seconds ago
Sunday, November 5th 2017
2017/11/05
