<script src="http://localhost/test.js" crossorigin="anonymous"></script>
<script src="http://localhost/test2.js" crossorigin="anonymous" defer></script>
