<link rel="stylesheet" href="http://localhost/test.css">
